--- Verification Results ---
--- Starting Verification ---
✓ OrderStatusHistory table synced
Creating Admin User...
Cleaning up...
Creating MenuCategory...
Creating MenuItem...
Creating Order...
Creating OrderItem...
✓ Test data seeded
Testing GET /api/orders...
✓ Search API working
Testing GET /api/orders/count...
✓ Count API working
Testing GET /api/orders/:id...
✓ Get Order API working
✓ Order Items included
Testing PATCH /api/orders/:id/status...
✓ Update Status API working
Testing PATCH /api/orders/:id...
✓ Update Details API working
Testing DELETE /api/orders/:id...
✓ Delete API working
--- Verification Complete ---
